-C -vv -o KbdInteractiveAuthentication=no -o PreferredAuthentications=gssapi-with-mic,gssapi-keyex,hostbased,publickey -o PasswordAuthentication=no -o ControlMaster=auto -o ControlPersist=10s -o ConnectTimeout=10 -o ControlPath=/tmp/robobee-localhost-22-devent/ssh/robobee-localhost-22-devent src/file.txt devent@localhost:dest
