-rf /var/lib/robobee/tmp/hosts
-rf /var/lib/robobee/tmp/replace.dest
