o-rwx /var/lib/robobee/tmp
o-rwx /var/lib/robobee/tmp
