-R robobee.robobee /var/lib/robobee/tmp
-R robobee.robobee /var/lib/robobee/tmp
-R robobee.robobee /var/lib/robobee/tmp
